MPLINK 5.09, LINKER
Linker Map File - Created Sun May 17 22:12:54 2020

                                 Section Info
                  Section       Type    Address   Location Size(Bytes)
                ---------  ---------  ---------  ---------  ---------
                 RES_VECT       code   0x000000    program   0x000004
                   .cinit    romdata   0x000004    program   0x000002
                MAIN_PROG       code   0x000006    program   0x000084
                VARIAVEIS      udata   0x000000       data   0x000004



                              Program Memory Usage 
                               Start         End      
                           ---------   ---------      
                            0x000000    0x000089      
            138 out of 33048 program addresses used, program memory utilization is 0%



                              Symbols - Sorted by Name
                     Name    Address   Location    Storage File                     
                ---------  ---------  ---------  --------- ---------                
                  Nible_1   0x000036    program     static /home/sh/Área de trabalho/Trabalho_01_SAMUEL_HERICLES_389118/Parte_01/Exertcicio03.X/Exercicio03.asm
                  Nible_2   0x00006e    program     static /home/sh/Área de trabalho/Trabalho_01_SAMUEL_HERICLES_389118/Parte_01/Exertcicio03.X/Exercicio03.asm
                     SOMA   0x00007e    program     static /home/sh/Área de trabalho/Trabalho_01_SAMUEL_HERICLES_389118/Parte_01/Exertcicio03.X/Exercicio03.asm
                    START   0x000074    program     static /home/sh/Área de trabalho/Trabalho_01_SAMUEL_HERICLES_389118/Parte_01/Exertcicio03.X/Exercicio03.asm
                  TESTE_0   0x000006    program     static /home/sh/Área de trabalho/Trabalho_01_SAMUEL_HERICLES_389118/Parte_01/Exertcicio03.X/Exercicio03.asm
                  TESTE_1   0x000012    program     static /home/sh/Área de trabalho/Trabalho_01_SAMUEL_HERICLES_389118/Parte_01/Exertcicio03.X/Exercicio03.asm
                  TESTE_2   0x00001e    program     static /home/sh/Área de trabalho/Trabalho_01_SAMUEL_HERICLES_389118/Parte_01/Exertcicio03.X/Exercicio03.asm
                  TESTE_3   0x00002a    program     static /home/sh/Área de trabalho/Trabalho_01_SAMUEL_HERICLES_389118/Parte_01/Exertcicio03.X/Exercicio03.asm
                  TESTE_4   0x00003e    program     static /home/sh/Área de trabalho/Trabalho_01_SAMUEL_HERICLES_389118/Parte_01/Exertcicio03.X/Exercicio03.asm
                  TESTE_5   0x00004a    program     static /home/sh/Área de trabalho/Trabalho_01_SAMUEL_HERICLES_389118/Parte_01/Exertcicio03.X/Exercicio03.asm
                  TESTE_6   0x000056    program     static /home/sh/Área de trabalho/Trabalho_01_SAMUEL_HERICLES_389118/Parte_01/Exertcicio03.X/Exercicio03.asm
                  TESTE_7   0x000062    program     static /home/sh/Área de trabalho/Trabalho_01_SAMUEL_HERICLES_389118/Parte_01/Exertcicio03.X/Exercicio03.asm
          _MAIN_PROG_0080   0x000086    program     static /home/sh/Área de trabalho/Trabalho_01_SAMUEL_HERICLES_389118/Parte_01/Exertcicio03.X/Exercicio03.asm
                        a   0x000000       data     static /home/sh/Área de trabalho/Trabalho_01_SAMUEL_HERICLES_389118/Parte_01/Exertcicio03.X/Exercicio03.asm
                     nb_1   0x000002       data     static /home/sh/Área de trabalho/Trabalho_01_SAMUEL_HERICLES_389118/Parte_01/Exertcicio03.X/Exercicio03.asm
                     nb_2   0x000003       data     static /home/sh/Área de trabalho/Trabalho_01_SAMUEL_HERICLES_389118/Parte_01/Exertcicio03.X/Exercicio03.asm
                     resp   0x000001       data     static /home/sh/Área de trabalho/Trabalho_01_SAMUEL_HERICLES_389118/Parte_01/Exertcicio03.X/Exercicio03.asm



                              Symbols - Sorted by Address
                     Name    Address   Location    Storage File                     
                ---------  ---------  ---------  --------- ---------                
                  TESTE_0   0x000006    program     static /home/sh/Área de trabalho/Trabalho_01_SAMUEL_HERICLES_389118/Parte_01/Exertcicio03.X/Exercicio03.asm
                  TESTE_1   0x000012    program     static /home/sh/Área de trabalho/Trabalho_01_SAMUEL_HERICLES_389118/Parte_01/Exertcicio03.X/Exercicio03.asm
                  TESTE_2   0x00001e    program     static /home/sh/Área de trabalho/Trabalho_01_SAMUEL_HERICLES_389118/Parte_01/Exertcicio03.X/Exercicio03.asm
                  TESTE_3   0x00002a    program     static /home/sh/Área de trabalho/Trabalho_01_SAMUEL_HERICLES_389118/Parte_01/Exertcicio03.X/Exercicio03.asm
                  Nible_1   0x000036    program     static /home/sh/Área de trabalho/Trabalho_01_SAMUEL_HERICLES_389118/Parte_01/Exertcicio03.X/Exercicio03.asm
                  TESTE_4   0x00003e    program     static /home/sh/Área de trabalho/Trabalho_01_SAMUEL_HERICLES_389118/Parte_01/Exertcicio03.X/Exercicio03.asm
                  TESTE_5   0x00004a    program     static /home/sh/Área de trabalho/Trabalho_01_SAMUEL_HERICLES_389118/Parte_01/Exertcicio03.X/Exercicio03.asm
                  TESTE_6   0x000056    program     static /home/sh/Área de trabalho/Trabalho_01_SAMUEL_HERICLES_389118/Parte_01/Exertcicio03.X/Exercicio03.asm
                  TESTE_7   0x000062    program     static /home/sh/Área de trabalho/Trabalho_01_SAMUEL_HERICLES_389118/Parte_01/Exertcicio03.X/Exercicio03.asm
                  Nible_2   0x00006e    program     static /home/sh/Área de trabalho/Trabalho_01_SAMUEL_HERICLES_389118/Parte_01/Exertcicio03.X/Exercicio03.asm
                    START   0x000074    program     static /home/sh/Área de trabalho/Trabalho_01_SAMUEL_HERICLES_389118/Parte_01/Exertcicio03.X/Exercicio03.asm
                     SOMA   0x00007e    program     static /home/sh/Área de trabalho/Trabalho_01_SAMUEL_HERICLES_389118/Parte_01/Exertcicio03.X/Exercicio03.asm
          _MAIN_PROG_0080   0x000086    program     static /home/sh/Área de trabalho/Trabalho_01_SAMUEL_HERICLES_389118/Parte_01/Exertcicio03.X/Exercicio03.asm
                        a   0x000000       data     static /home/sh/Área de trabalho/Trabalho_01_SAMUEL_HERICLES_389118/Parte_01/Exertcicio03.X/Exercicio03.asm
                     resp   0x000001       data     static /home/sh/Área de trabalho/Trabalho_01_SAMUEL_HERICLES_389118/Parte_01/Exertcicio03.X/Exercicio03.asm
                     nb_1   0x000002       data     static /home/sh/Área de trabalho/Trabalho_01_SAMUEL_HERICLES_389118/Parte_01/Exertcicio03.X/Exercicio03.asm
                     nb_2   0x000003       data     static /home/sh/Área de trabalho/Trabalho_01_SAMUEL_HERICLES_389118/Parte_01/Exertcicio03.X/Exercicio03.asm


