MPLINK 5.09, LINKER
Linker Map File - Created Sun May 17 22:12:47 2020

                                 Section Info
                  Section       Type    Address   Location Size(Bytes)
                ---------  ---------  ---------  ---------  ---------
                 RES_VECT       code   0x000000    program   0x000004
                   .cinit    romdata   0x000004    program   0x000002
                MAIN_PROG       code   0x000006    program   0x000068
                VARIAVEIS      udata   0x000000       data   0x000002



                              Program Memory Usage 
                               Start         End      
                           ---------   ---------      
                            0x000000    0x00006d      
            110 out of 33048 program addresses used, program memory utilization is 0%



                              Symbols - Sorted by Name
                     Name    Address   Location    Storage File                     
                ---------  ---------  ---------  --------- ---------                
                    START   0x000066    program     static /home/sh/Área de trabalho/Trabalho_01_SAMUEL_HERICLES_389118/Parte_01/Exercicio02.X/Exercicio02.asm
                  TESTE_0   0x000006    program     static /home/sh/Área de trabalho/Trabalho_01_SAMUEL_HERICLES_389118/Parte_01/Exercicio02.X/Exercicio02.asm
                  TESTE_1   0x000012    program     static /home/sh/Área de trabalho/Trabalho_01_SAMUEL_HERICLES_389118/Parte_01/Exercicio02.X/Exercicio02.asm
                  TESTE_2   0x00001e    program     static /home/sh/Área de trabalho/Trabalho_01_SAMUEL_HERICLES_389118/Parte_01/Exercicio02.X/Exercicio02.asm
                  TESTE_3   0x00002a    program     static /home/sh/Área de trabalho/Trabalho_01_SAMUEL_HERICLES_389118/Parte_01/Exercicio02.X/Exercicio02.asm
                  TESTE_4   0x000036    program     static /home/sh/Área de trabalho/Trabalho_01_SAMUEL_HERICLES_389118/Parte_01/Exercicio02.X/Exercicio02.asm
                  TESTE_5   0x000042    program     static /home/sh/Área de trabalho/Trabalho_01_SAMUEL_HERICLES_389118/Parte_01/Exercicio02.X/Exercicio02.asm
                  TESTE_6   0x00004e    program     static /home/sh/Área de trabalho/Trabalho_01_SAMUEL_HERICLES_389118/Parte_01/Exercicio02.X/Exercicio02.asm
                  TESTE_7   0x00005a    program     static /home/sh/Área de trabalho/Trabalho_01_SAMUEL_HERICLES_389118/Parte_01/Exercicio02.X/Exercicio02.asm
          _MAIN_PROG_0056   0x00005c    program     static /home/sh/Área de trabalho/Trabalho_01_SAMUEL_HERICLES_389118/Parte_01/Exercicio02.X/Exercicio02.asm
          _MAIN_PROG_005C   0x000062    program     static /home/sh/Área de trabalho/Trabalho_01_SAMUEL_HERICLES_389118/Parte_01/Exercicio02.X/Exercicio02.asm
                        a   0x000000       data     static /home/sh/Área de trabalho/Trabalho_01_SAMUEL_HERICLES_389118/Parte_01/Exercicio02.X/Exercicio02.asm
                     resp   0x000001       data     static /home/sh/Área de trabalho/Trabalho_01_SAMUEL_HERICLES_389118/Parte_01/Exercicio02.X/Exercicio02.asm



                              Symbols - Sorted by Address
                     Name    Address   Location    Storage File                     
                ---------  ---------  ---------  --------- ---------                
                  TESTE_0   0x000006    program     static /home/sh/Área de trabalho/Trabalho_01_SAMUEL_HERICLES_389118/Parte_01/Exercicio02.X/Exercicio02.asm
                  TESTE_1   0x000012    program     static /home/sh/Área de trabalho/Trabalho_01_SAMUEL_HERICLES_389118/Parte_01/Exercicio02.X/Exercicio02.asm
                  TESTE_2   0x00001e    program     static /home/sh/Área de trabalho/Trabalho_01_SAMUEL_HERICLES_389118/Parte_01/Exercicio02.X/Exercicio02.asm
                  TESTE_3   0x00002a    program     static /home/sh/Área de trabalho/Trabalho_01_SAMUEL_HERICLES_389118/Parte_01/Exercicio02.X/Exercicio02.asm
                  TESTE_4   0x000036    program     static /home/sh/Área de trabalho/Trabalho_01_SAMUEL_HERICLES_389118/Parte_01/Exercicio02.X/Exercicio02.asm
                  TESTE_5   0x000042    program     static /home/sh/Área de trabalho/Trabalho_01_SAMUEL_HERICLES_389118/Parte_01/Exercicio02.X/Exercicio02.asm
                  TESTE_6   0x00004e    program     static /home/sh/Área de trabalho/Trabalho_01_SAMUEL_HERICLES_389118/Parte_01/Exercicio02.X/Exercicio02.asm
                  TESTE_7   0x00005a    program     static /home/sh/Área de trabalho/Trabalho_01_SAMUEL_HERICLES_389118/Parte_01/Exercicio02.X/Exercicio02.asm
          _MAIN_PROG_0056   0x00005c    program     static /home/sh/Área de trabalho/Trabalho_01_SAMUEL_HERICLES_389118/Parte_01/Exercicio02.X/Exercicio02.asm
          _MAIN_PROG_005C   0x000062    program     static /home/sh/Área de trabalho/Trabalho_01_SAMUEL_HERICLES_389118/Parte_01/Exercicio02.X/Exercicio02.asm
                    START   0x000066    program     static /home/sh/Área de trabalho/Trabalho_01_SAMUEL_HERICLES_389118/Parte_01/Exercicio02.X/Exercicio02.asm
                        a   0x000000       data     static /home/sh/Área de trabalho/Trabalho_01_SAMUEL_HERICLES_389118/Parte_01/Exercicio02.X/Exercicio02.asm
                     resp   0x000001       data     static /home/sh/Área de trabalho/Trabalho_01_SAMUEL_HERICLES_389118/Parte_01/Exercicio02.X/Exercicio02.asm


